node.exe : [33mThe CJS build of Vite's Node API is 
deprecated. See https://vite.dev/guide/troubleshooting.
html#vite-cjs-node-api-deprecated for more 
details.[39m
At C:\Program Files\nodejs\npx.ps1:29 char:3
+   & $NODE_EXE $NPX_CLI_JS $args
+   ~~~~~~~~~~~~~~~~~~~~~~~~~~~~~
    + CategoryInfo          : NotSpecified: ([33mThe  
   CJS bu...e details.[39m:String) [], RemoteExcepti  
  on
    + FullyQualifiedErrorId : NativeCommandError
 
[36mvite v5.4.21 [32mbuilding SSR bundle for production...[36m[39m
(node:19212) [MODULE_TYPELESS_PACKAGE_JSON] Warning: 
Module type of 
file:///C:/Dev/PocketWall/postcss.config.js is not 
specified and it doesn't parse as CommonJS.
Reparsing as ES module because module syntax was 
detected. This incurs a performance overhead.
To eliminate this warning, add "type": "module" to 
C:\Dev\PocketWall\package.json.
(Use `node --trace-warnings ...` to show where the 
warning was created)
transforming...
[32mΓ£ô[39m 2 modules transformed.
[31mx[39m Build failed in 583ms
[31merror during build:
[31mEPERM: operation not permitted, unlink 
'C:\Dev\PocketWall\out\main\index.js'[31m
    at unlinkSync (node:fs:1871:11)
    at _unlinkSync (node:internal/fs/rimraf:215:14)
    at rimrafSync (node:internal/fs/rimraf:196:7)
    at Object.rmSync (node:fs:1247:10)
    at emptyDir (file:///C:/Dev/PocketWall/node_modules
/vite/dist/node/chunks/dep-BK3b2jBa.js:17082:19)
    at prepareOutDir (file:///C:/Dev/PocketWall/node_mo
dules/vite/dist/node/chunks/dep-BK3b2jBa.js:65746:7)
    at build (file:///C:/Dev/PocketWall/node_modules/vi
te/dist/node/chunks/dep-BK3b2jBa.js:65711:7)
    at async build (file:///C:/Dev/PocketWall/node_modu
les/electron-vite/dist/chunks/lib-D1n7TA6K.mjs:26:13)
    at async CAC.<anonymous> (file:///C:/Dev/PocketWall
/node_modules/electron-vite/dist/cli.mjs:83:9)[39m
